ASxxxx Linker V03.00 + NoICE + sdld,  page 1.
Hexadecimal  [32-Bits]

Area                                    Addr        Size        Decimal Bytes (Attributes)
--------------------------------        ----        ----        ------- ----- ------------
CABS                                00000000    00000000 =           0. bytes (ABS,CON,CODE)

      Value  Global                              Global Defined In Module
      -----  --------------------------------   ------------------------
C:   00000000  l_CABS                          
C:   00000000  l_CONST                         
C:   00000000  l_GSINIT                        
C:   00000000  l_GSINIT0                       
C:   00000000  l_GSINIT1                       
C:   00000000  l_GSINIT2                       
C:   00000000  l_GSINIT5                       
C:   00000000  l_IABS                          
C:   00000000  l_ISEG                          
C:   00000000  l_PSEG                          
C:   00000000  l_REG_BANK_2                    
C:   00000000  l_REG_BANK_3                    
C:   00000000  l_RSEG                          
C:   00000000  l_RSEG0                         
C:   00000000  l_RSEG1                         
C:   00000000  l_XABS                          
C:   00000000  l_XINIT                         
C:   00000000  l_XISEG                         
C:   00000000  l_XSEG                          
C:   00000000  l__CODE                         
C:   00000000  s_BSEG                          
C:   00000000  s_CABS                          
C:   00000000  s_DSEG                          
C:   00000000  s_HOME                          
C:   00000000  s_IABS                          
C:   00000000  s_ISEG                          
C:   00000000  s_REG_BANK_0                    
C:   00000000  s_RSEG                          
C:   00000000  s_RSEG0                         
C:   00000000  s_RSEG1                         
C:   00000000  s_XABS                          
C:   00000001  l_BIT_BANK                      
C:   00000001  l_BSEG_BYTES                    
C:   00000001  s_PSEG                          
C:   00000001  s_XISEG                         
C:   00000001  s_XSEG                          
C:   00000002  l_OSEG                          
C:   00000003  l_GSFINAL                       
C:   00000004  l_BSEG                          
C:   00000008  l_REG_BANK_0                    
C:   00000008  l_REG_BANK_1                    
C:   00000008  s_REG_BANK_1                    
C:   00000010  s_REG_BANK_2                    
C:   00000018  s_REG_BANK_3                    
C:   00000019  l_HOME                          
C:   00000019  s_GSINIT0                       
C:   00000019  s_GSINIT1                       
C:   00000019  s_GSINIT2                       
C:   00000019  s_GSINIT3                       
C:   00000020  s_BSEG_BYTES                    
ASxxxx Linker V03.00 + NoICE + sdld,  page 2.
Hexadecimal  [32-Bits]

Area                                    Addr        Size        Decimal Bytes (Attributes)
--------------------------------        ----        ----        ------- ----- ------------
CABS                                00000000    00000000 =           0. bytes (ABS,CON,CODE)

      Value  Global                              Global Defined In Module
      -----  --------------------------------   ------------------------
C:   00000020  s__CODE                         
C:   00000021  s_BIT_BANK                      
C:   00000022  l_GSINIT3                       
C:   0000002A  l_GSINIT4                       
C:   0000003B  s_GSINIT4                       
C:   0000005E  s_OSEG                          
C:   00000060  s_SSEG                          
C:   00000062  l_DSEG                          
C:   00000065  s_GSFINAL                       
C:   00000065  s_GSINIT                        
C:   00000065  s_GSINIT5                       
C:   00000068  s_CSEG                          
C:   000000A0  l_SSEG                          
C:   00000100  l_IRAM                          
C:   00000881  l_CSEG                          
C:   000008E9  s_CONST                         
C:   000008E9  s_XINIT                         

ASxxxx Linker V03.00 + NoICE + sdld,  page 3.
Hexadecimal  [32-Bits]

Area                                    Addr        Size        Decimal Bytes (Attributes)
--------------------------------        ----        ----        ------- ----- ------------
.  .ABS.                            00000000    00000000 =           0. bytes (ABS,CON)

      Value  Global                              Global Defined In Module
      -----  --------------------------------   ------------------------
     00000000  .__.ABS.                           _gptrget
     00000080  _P0                                hw4
     00000080  _P0_0                              hw4
     00000081  _P0_1                              hw4
     00000081  _SP                                hw4
     00000082  _DPL                               hw4
     00000082  _P0_2                              hw4
     00000083  _DPH                               hw4
     00000083  _P0_3                              hw4
     00000084  _P0_4                              hw4
     00000085  _P0_5                              hw4
     00000086  _P0_6                              hw4
     00000087  _P0_7                              hw4
     00000087  _PCON                              hw4
     00000088  _IT0                               hw4
     00000088  _TCON                              hw4
     00000089  _IE0                               hw4
     00000089  _TMOD                              hw4
     0000008A  _IT1                               hw4
     0000008A  _TL0                               hw4
     0000008B  _IE1                               hw4
     0000008B  _TL1                               hw4
     0000008C  _TH0                               hw4
     0000008C  _TR0                               hw4
     0000008D  _TF0                               hw4
     0000008D  _TH1                               hw4
     0000008E  _TR1                               hw4
     0000008F  _TF1                               hw4
     00000090  _P1                                hw4
     00000090  _P1_0                              hw4
     00000091  _P1_1                              hw4
     00000092  _P1_2                              hw4
     00000093  _P1_3                              hw4
     00000094  _P1_4                              hw4
     00000095  _P1_5                              hw4
     00000096  _P1_6                              hw4
     00000097  _P1_7                              hw4
     00000098  _RI                                hw4
     00000098  _SCON                              hw4
     00000099  _SBUF                              hw4
     00000099  _TI                                hw4
     0000009A  _RB8                               hw4
     0000009B  _TB8                               hw4
     0000009C  _REN                               hw4
     0000009D  _SM2                               hw4
     0000009E  _SM1                               hw4
     0000009F  _SM0                               hw4
     000000A0  _P2                                hw4
     000000A0  _P2_0                              hw4
     000000A0  __XPAGE                            
ASxxxx Linker V03.00 + NoICE + sdld,  page 4.
Hexadecimal  [32-Bits]

Area                                    Addr        Size        Decimal Bytes (Attributes)
--------------------------------        ----        ----        ------- ----- ------------
.  .ABS.                            00000000    00000000 =           0. bytes (ABS,CON)

      Value  Global                              Global Defined In Module
      -----  --------------------------------   ------------------------
     000000A1  _P2_1                              hw4
     000000A2  _P2_2                              hw4
     000000A3  _P2_3                              hw4
     000000A4  _P2_4                              hw4
     000000A5  _P2_5                              hw4
     000000A6  _P2_6                              hw4
     000000A7  _P2_7                              hw4
     000000A8  _EX0                               hw4
     000000A8  _IE                                hw4
     000000A9  _ET0                               hw4
     000000AA  _EX1                               hw4
     000000AB  _ET1                               hw4
     000000AC  _ES                                hw4
     000000AF  _EA                                hw4
     000000B0  _P3                                hw4
     000000B0  _P3_0                              hw4
     000000B0  _RXD                               hw4
     000000B1  _P3_1                              hw4
     000000B1  _TXD                               hw4
     000000B2  _INT0                              hw4
     000000B2  _P3_2                              hw4
     000000B3  _INT1                              hw4
     000000B3  _P3_3                              hw4
     000000B4  _P3_4                              hw4
     000000B4  _T0                                hw4
     000000B5  _P3_5                              hw4
     000000B5  _T1                                hw4
     000000B6  _P3_6                              hw4
     000000B6  _WR                                hw4
     000000B7  _P3_7                              hw4
     000000B7  _RD                                hw4
     000000B8  _IP                                hw4
     000000B8  _PX0                               hw4
     000000B9  _PT0                               hw4
     000000BA  _PX1                               hw4
     000000BB  _PT1                               hw4
     000000BC  _PS                                hw4
     000000D0  _P                                 hw4
     000000D0  _PSW                               hw4
     000000D1  _F1                                hw4
     000000D2  _OV                                hw4
     000000D3  _RS0                               hw4
     000000D4  _RS1                               hw4
     000000D5  _F0                                hw4
     000000D6  _AC                                hw4
     000000D7  _CY                                hw4
     000000E0  _ACC                               hw4
     000000F0  _B                                 hw4
     000000F5  _B_5                               _gptrget
     000000F6  _B_6                               _gptrget
     000000F7  _B_7                               _gptrget

ASxxxx Linker V03.00 + NoICE + sdld,  page 5.
Hexadecimal  [32-Bits]

Area                                    Addr        Size        Decimal Bytes (Attributes)
--------------------------------        ----        ----        ------- ----- ------------
BSEG_BYTES                          00000020    00000001 =           1. bytes (REL,CON)

      Value  Global                              Global Defined In Module
      -----  --------------------------------   ------------------------
ASxxxx Linker V03.00 + NoICE + sdld,  page 6.
Hexadecimal  [32-Bits]

Area                                    Addr        Size        Decimal Bytes (Attributes)
--------------------------------        ----        ----        ------- ----- ------------
REG_BANK_0                          00000000    00000008 =           8. bytes (REL,OVR)

      Value  Global                              Global Defined In Module
      -----  --------------------------------   ------------------------
ASxxxx Linker V03.00 + NoICE + sdld,  page 7.
Hexadecimal  [32-Bits]

Area                                    Addr        Size        Decimal Bytes (Attributes)
--------------------------------        ----        ----        ------- ----- ------------
REG_BANK_1                          00000008    00000008 =           8. bytes (REL,OVR)

      Value  Global                              Global Defined In Module
      -----  --------------------------------   ------------------------
ASxxxx Linker V03.00 + NoICE + sdld,  page 8.
Hexadecimal  [32-Bits]

Area                                    Addr        Size        Decimal Bytes (Attributes)
--------------------------------        ----        ----        ------- ----- ------------
BIT_BANK                            00000021    00000001 =           1. bytes (REL,OVR)

      Value  Global                              Global Defined In Module
      -----  --------------------------------   ------------------------
ASxxxx Linker V03.00 + NoICE + sdld,  page 9.
Hexadecimal  [32-Bits]

Area                                    Addr        Size        Decimal Bytes (Attributes)
--------------------------------        ----        ----        ------- ----- ------------
DSEG                                00000000    00000062 =          98. bytes (REL,CON)

      Value  Global                              Global Defined In Module
      -----  --------------------------------   ------------------------
     00000030  _position                          hw4
     00000032  _seconds                           hw4
     00000035  _minutes                           hw4
     00000038  _hours                             hw4
     0000003B  _days                              hw4
     0000003E  _month                             hw4
     00000041  _year                              hw4
     00000044  _numDays                           hw4

ASxxxx Linker V03.00 + NoICE + sdld,  page 10.
Hexadecimal  [32-Bits]

Area                                    Addr        Size        Decimal Bytes (Attributes)
--------------------------------        ----        ----        ------- ----- ------------
OSEG                                0000005E    00000002 =           2. bytes (REL,OVR)

      Value  Global                              Global Defined In Module
      -----  --------------------------------   ------------------------
     0000005E  __mulint_PARM_2                    _mulint

ASxxxx Linker V03.00 + NoICE + sdld,  page 11.
Hexadecimal  [32-Bits]

Area                                    Addr        Size        Decimal Bytes (Attributes)
--------------------------------        ----        ----        ------- ----- ------------
SSEG                                00000060    000000A0 =         160. bytes (REL,OVR)

      Value  Global                              Global Defined In Module
      -----  --------------------------------   ------------------------
     00000060  __start__stack                     hw4

ASxxxx Linker V03.00 + NoICE + sdld,  page 12.
Hexadecimal  [32-Bits]

Area                                    Addr        Size        Decimal Bytes (Attributes)
--------------------------------        ----        ----        ------- ----- ------------
HOME                                00000000    00000019 =          25. bytes (REL,CON,CODE)

      Value  Global                              Global Defined In Module
      -----  --------------------------------   ------------------------
C:   00000016  __sdcc_program_startup             hw4

ASxxxx Linker V03.00 + NoICE + sdld,  page 13.
Hexadecimal  [32-Bits]

Area                                    Addr        Size        Decimal Bytes (Attributes)
--------------------------------        ----        ----        ------- ----- ------------
GSINIT3                             00000019    00000022 =          34. bytes (REL,CON,CODE)

      Value  Global                              Global Defined In Module
      -----  --------------------------------   ------------------------
C:   00000019  __mcs51_genXINIT                   

ASxxxx Linker V03.00 + NoICE + sdld,  page 14.
Hexadecimal  [32-Bits]

Area                                    Addr        Size        Decimal Bytes (Attributes)
--------------------------------        ----        ----        ------- ----- ------------
GSINIT4                             0000003B    0000002A =          42. bytes (REL,CON,CODE)

      Value  Global                              Global Defined In Module
      -----  --------------------------------   ------------------------
C:   0000003B  __mcs51_genRAMCLEAR                
C:   00000041  __mcs51_genXRAMCLEAR               

ASxxxx Linker V03.00 + NoICE + sdld,  page 15.
Hexadecimal  [32-Bits]

Area                                    Addr        Size        Decimal Bytes (Attributes)
--------------------------------        ----        ----        ------- ----- ------------
GSFINAL                             00000065    00000003 =           3. bytes (REL,CON,CODE)

      Value  Global                              Global Defined In Module
      -----  --------------------------------   ------------------------
ASxxxx Linker V03.00 + NoICE + sdld,  page 16.
Hexadecimal  [32-Bits]

Area                                    Addr        Size        Decimal Bytes (Attributes)
--------------------------------        ----        ----        ------- ----- ------------
CSEG                                00000068    00000881 =        2177. bytes (REL,CON,CODE)

      Value  Global                              Global Defined In Module
      -----  --------------------------------   ------------------------
C:   00000068  _main                              hw4
C:   000002B7  _entryModeSet                      hw4
C:   000002C3  _setDdRamAddress                   hw4
C:   000002D3  _displayOnOffControl               hw4
C:   000002F0  _functionSet                       hw4
C:   000002FC  _sendChar                          hw4
C:   00000309  _sendString                        hw4
C:   00000336  _delay                             hw4
C:   0000033F  _big_delay                         hw4
C:   00000354  _timer_delay                       hw4
C:   0000036F  __sdcc_gsinit_startup              hw4
C:   00000375  _int0_isr                          hw4
C:   000003D0  _int2_isr                          hw4
C:   0000042C  _timeMode                          hw4
C:   000004FF  _dateMode                          hw4
C:   000005D7  _updateTime                        hw4
C:   000006C3  _updateDate                        hw4
C:   000007EA  _atoi                              atoi
C:   000008B0  __mulint                           _mulint
C:   000008B0  __mulint_dummy                     _mulint
C:   000008CD  __gptrget                          _gptrget
ASxxxx Linker V03.00 + NoICE + sdld,  page 17.

Files Linked                              [ module(s) ]

hw4.rel                                   [  ]


Libraries Linked                          [ object file ]

C:\Program Files\SDCC\bin\..\lib\small/mcs51.lib
                                          [ crtclear.rel ]
C:\Program Files\SDCC\bin\..\lib\small/libsdcc.lib
                                          [ atoi.rel ]
C:\Program Files\SDCC\bin\..\lib\small/mcs51.lib
                                          [ crtxinit.rel ]
C:\Program Files\SDCC\bin\..\lib\small/libint.lib
                                          [ _mulint.rel ]
C:\Program Files\SDCC\bin\..\lib\small/mcs51.lib
                                          [ crtxclear.rel ]
C:\Program Files\SDCC\bin\..\lib\small/mcs51.lib
                                          [ crtpagesfr.rel ]
C:\Program Files\SDCC\bin\..\lib\small/libsdcc.lib
                                          [ _gptrget.rel ]

ASxxxx Linker V03.00 + NoICE + sdld,  page 18.

User Base Address Definitions

HOME = 0x0000
DSEG = 0x0030
XSEG = 0x0001
PSEG = 0x0001
ISEG = 0x0000
BSEG = 0x0000
SSEG = 0x0030

